../prism-client/src/utils/messageHelpers.ts(1,45): error TS2835: Relative import paths need explicit file extensions in ECMAScript imports when '--moduleResolution' is 'node16' or 'nodenext'. Did you mean '../types/types.js'?
../prism-client/src/utils/messageHelpers.ts(19,10): error TS7006: Parameter 'toolCall' implicitly has an 'any' type.
../prism-client/src/utils/toolCallStateUpdaters.ts(9,52): error TS2835: Relative import paths need explicit file extensions in ECMAScript imports when '--moduleResolution' is 'node16' or 'nodenext'. Did you mean '../types/types.js'?
tests/client-tool-state-updaters.test.ts(20,8): error TS6059: File '/home/rodrigo/development/prism-client/src/utils/toolCallStateUpdaters.ts' is not under 'rootDir' '/home/rodrigo/development/prism-service'. 'rootDir' is expected to contain all source files.
  File is ECMAScript module because '/home/rodrigo/development/prism-client/package.json' has field "type" with value "module"
tests/client-tool-state-updaters.test.ts(22,63): error TS6059: File '/home/rodrigo/development/prism-client/src/types/types.ts' is not under 'rootDir' '/home/rodrigo/development/prism-service'. 'rootDir' is expected to contain all source files.
  File is ECMAScript module because '/home/rodrigo/development/prism-client/package.json' has field "type" with value "module"
tests/client-tool-state-updaters.test.ts(23,40): error TS6059: File '/home/rodrigo/development/prism-client/src/utils/messageHelpers.ts' is not under 'rootDir' '/home/rodrigo/development/prism-service'. 'rootDir' is expected to contain all source files.
  File is ECMAScript module because '/home/rodrigo/development/prism-client/package.json' has field "type" with value "module"
tests/configUtils.test.ts(50,52): error TS18046: 'm' is of type 'unknown'.
tests/configUtils.test.ts(57,11): error TS18046: 'model' is of type 'unknown'.
tests/configUtils.test.ts(58,16): error TS18046: 'model' is of type 'unknown'.
tests/configUtils.test.ts(75,28): error TS18046: 'model' is of type 'unknown'.
tests/configUtils.test.ts(76,14): error TS18046: 'model' is of type 'unknown'.
tests/configUtils.test.ts(77,14): error TS18046: 'model' is of type 'unknown'.
tests/configUtils.test.ts(78,14): error TS18046: 'model' is of type 'unknown'.
tests/configUtils.test.ts(87,14): error TS18046: 'm' is of type 'unknown'.
tests/configUtils.test.ts(87,25): error TS18046: 'm' is of type 'unknown'.
tests/configUtils.test.ts(95,28): error TS18046: 'model' is of type 'unknown'.
tests/configUtils.test.ts(96,14): error TS18046: 'model' is of type 'unknown'.
tests/configUtils.test.ts(105,14): error TS18046: 'm' is of type 'unknown'.
tests/configUtils.test.ts(105,35): error TS18046: 'm' is of type 'unknown'.
tests/configUtils.test.ts(113,14): error TS18046: 'model' is of type 'unknown'.
tests/configUtils.test.ts(128,7): error TS18046: 'm' is of type 'unknown'.
tests/configUtils.test.ts(133,14): error TS18046: 'model' is of type 'unknown'.
tests/configUtils.test.ts(142,7): error TS18046: 'm' is of type 'unknown'.
tests/configUtils.test.ts(146,14): error TS18046: 'model' is of type 'unknown'.
tests/configUtils.test.ts(163,21): error TS18046: 'models' is of type 'unknown'.
tests/configUtils.test.ts(163,33): error TS7006: Parameter 'm' implicitly has an 'any' type.
tests/configUtils.test.ts(178,14): error TS18046: 'model' is of type 'unknown'.
tests/configUtils.test.ts(179,14): error TS18046: 'model' is of type 'unknown'.
tests/configUtils.test.ts(180,21): error TS18046: 'model' is of type 'unknown'.
tests/configUtils.test.ts(181,21): error TS18046: 'model' is of type 'unknown'.
tests/configUtils.test.ts(195,46): error TS18046: 'm' is of type 'unknown'.
tests/configUtils.test.ts(199,14): error TS18046: 'model' is of type 'unknown'.
tests/configUtils.test.ts(214,14): error TS18046: 'm' is of type 'unknown'.
tests/configUtils.test.ts(214,37): error TS18046: 'm' is of type 'unknown'.
tests/configUtils.test.ts(225,47): error TS18046: 'm' is of type 'unknown'.
tests/configUtils.test.ts(228,55): error TS18046: 'model' is of type 'unknown'.
tests/configUtils.test.ts(267,9): error TS18046: 'm' is of type 'unknown'.
tests/configUtils.test.ts(267,44): error TS18046: 'm' is of type 'unknown'.
tests/configUtils.test.ts(272,14): error TS18046: 'model' is of type 'unknown'.
tests/configUtils.test.ts(273,14): error TS18046: 'model' is of type 'unknown'.
tests/contextWindowManager.test.ts(35,7): error TS2322: Type 'null' is not assignable to type 'string | undefined'.
tests/contextWindowManager.test.ts(180,27): error TS2532: Object is possibly 'undefined'.
tests/contextWindowManager.test.ts(181,14): error TS18046: 'truncatedTc.result' is of type 'unknown'.
tests/contextWindowManager.test.ts(211,24): error TS2532: Object is possibly 'undefined'.
tests/contextWindowManager.test.ts(251,14): error TS18048: 'lastAssistant' is possibly 'undefined'.
tests/contextWindowManager.test.ts(353,12): error TS18048: 'lastAssistant' is possibly 'undefined'.
tests/contextWindowManager.test.ts(493,9): error TS2353: Object literal may only specify known properties, and 'toolCalls' does not exist in type '{ role: string; content: string; }'.
tests/contextWindowManager.test.ts(576,49): error TS2345: Argument of type '{ role: string; content: { text: string; metadata: { foo: string; }; }; }[]' is not assignable to parameter of type 'ChatMessage[]'.
  Type '{ role: string; content: { text: string; metadata: { foo: string; }; }; }' is not assignable to type 'ChatMessage'.
    Types of property 'content' are incompatible.
      Type '{ text: string; metadata: { foo: string; }; }' is not assignable to type 'string'.
tests/conversationService.test.ts(39,21): error TS7006: Parameter 'filter' implicitly has an 'any' type.
tests/conversationService.test.ts(39,29): error TS7006: Parameter 'update' implicitly has an 'any' type.
tests/conversationService.test.ts(64,31): error TS2339: Property 'upsert' does not exist on type '{}'.
tests/conversationService.test.ts(67,39): error TS2339: Property 'upsert' does not exist on type '{}'.
tests/conversationService.test.ts(77,13): error TS18046: 'value' is of type 'unknown'.
tests/conversationService.test.ts(78,30): error TS18046: 'value' is of type 'unknown'.
tests/conversationService.test.ts(91,19): error TS7006: Parameter 'filter' implicitly has an 'any' type.
tests/conversationService.test.ts(98,5): error TS7034: Variable 'mockCollection' implicitly has type 'any' in some locations where its type cannot be determined.
tests/conversationService.test.ts(147,9): error TS7005: Variable 'mockCollection' implicitly has an 'any' type.
tests/conversationService.test.ts(169,32): error TS2339: Property 'mockReturnValue' does not exist on type '(dbName: string, collectionName: string) => Collection<Document>'.
tests/conversationService.test.ts(170,24): error TS2339: Property 'mockReturnValue' does not exist on type '(name: string) => Db'.
tests/conversationService.test.ts(171,25): error TS7005: Variable 'mockCollection' implicitly has an 'any' type.
tests/conversationService.test.ts(197,13): error TS7005: Variable 'mockCollection' implicitly has an 'any' type.
tests/conversationService.test.ts(412,9): error TS7034: Variable 'mockTimersCollection' implicitly has type 'any' in some locations where its type cannot be determined.
tests/conversationService.test.ts(416,26): error TS2339: Property 'mockReturnValue' does not exist on type '(name: string) => Db'.
tests/conversationService.test.ts(417,22): error TS7006: Parameter 'name' implicitly has an 'any' type.
tests/conversationService.test.ts(419,20): error TS7005: Variable 'mockTimersCollection' implicitly has an 'any' type.
tests/conversationService.test.ts(421,18): error TS7005: Variable 'mockCollection' implicitly has an 'any' type.
tests/conversationService.test.ts(426,38): error TS7006: Parameter 'sessionId' implicitly has an 'any' type.
tests/conversationService.test.ts(435,13): error TS7005: Variable 'mockTimersCollection' implicitly has an 'any' type.
tests/conversationService.test.ts(461,27): error TS7005: Variable 'mockTimersCollection' implicitly has an 'any' type.
tests/conversationService.test.ts(479,27): error TS7005: Variable 'mockTimersCollection' implicitly has an 'any' type.
tests/conversationService.test.ts(497,27): error TS7005: Variable 'mockTimersCollection' implicitly has an 'any' type.
tests/conversationService.test.ts(520,27): error TS7005: Variable 'mockTimersCollection' implicitly has an 'any' type.
tests/conversationService.test.ts(530,24): error TS2339: Property 'mockReturnValue' does not exist on type '(name: string) => Db'.
tests/conversationService.test.ts(531,25): error TS7005: Variable 'mockCollection' implicitly has an 'any' type.
tests/conversationService.test.ts(544,23): error TS7005: Variable 'mockCollection' implicitly has an 'any' type.
tests/conversationService.test.ts(565,23): error TS7005: Variable 'mockCollection' implicitly has an 'any' type.
tests/conversationService.test.ts(578,11): error TS7005: Variable 'mockCollection' implicitly has an 'any' type.
tests/conversationService.test.ts(595,23): error TS7005: Variable 'mockCollection' implicitly has an 'any' type.
tests/functionCallingUtilities.test.ts(512,38): error TS2550: Property 'findLastIndex' does not exist on type 'ExpandedMessage[]'. Do you need to change your target library? Try changing the 'lib' compiler option to 'es2023' or later.
tests/functionCallingUtilities.test.ts(513,10): error TS7006: Parameter 'message' implicitly has an 'any' type.
tests/harness-stream-processing.test.ts(76,7): error TS1117: An object literal cannot have multiple properties with the same name.
tests/harness-stream-processing.test.ts(439,7): error TS1117: An object literal cannot have multiple properties with the same name.
tests/harness-stream-processing.test.ts(637,7): error TS1117: An object literal cannot have multiple properties with the same name.
tests/harnessAdversarial.test.ts(737,22): error TS2367: This comparison appears to be unintentional because the types '-1' and '0' have no overlap.
tests/harnessAdversarial.test.ts(747,22): error TS2367: This comparison appears to be unintentional because the types '500' and '0' have no overlap.
tests/harnessAdversarial.test.ts(808,22): error TS2367: This comparison appears to be unintentional because the types '1' and '0' have no overlap.
tests/live/agentLoopLive.live.test.ts(50,18): error TS18046: 'data' is of type 'unknown'.
tests/live/agentLoopLive.live.test.ts(50,33): error TS18046: 'data' is of type 'unknown'.
tests/live/agentLoopLive.live.test.ts(54,32): error TS7006: Parameter 'm' implicitly has an 'any' type.
tests/live/agentLoopLive.live.test.ts(60,6): error TS7006: Parameter 'm' implicitly has an 'any' type.
tests/live/agentLoopLive.live.test.ts(65,30): error TS7006: Parameter 'm' implicitly has an 'any' type.
tests/live/agentLoopLive.live.test.ts(77,32): error TS7006: Parameter 'response' implicitly has an 'any' type.
tests/live/agentLoopLive.live.test.ts(77,74): error TS2339: Property 'controller' does not exist on type '{ timeoutMs?: number | undefined; }'.
tests/live/agentLoopLive.live.test.ts(133,7): error TS2322: Type 'string | undefined' is not assignable to type 'string'.
  Type 'undefined' is not assignable to type 'string'.
tests/live/agentLoopLive.live.test.ts(141,30): error TS2345: Argument of type 'any' is not assignable to parameter of type 'never'.
tests/live/agentLoopLive.live.test.ts(147,34): error TS2345: Argument of type 'any' is not assignable to parameter of type 'never'.
tests/live/agentLoopLive.live.test.ts(151,42): error TS2345: Argument of type 'any' is not assignable to parameter of type 'never'.
tests/live/agentLoopLive.live.test.ts(155,36): error TS2345: Argument of type 'any' is not assignable to parameter of type 'never'.
tests/live/agentLoopLive.live.test.ts(172,28): error TS2339: Property '_inLoadPhase' does not exist on type '{ events: never[]; chunks: never[]; thinkingChunks: never[]; statuses: never[]; toolCalls: never[]; errors: never[]; done: null; text: string; thinking: string; phases: Set<unknown>; promptProcessingStarts: number; ... 6 more ...; durationMs: number; }'.
tests/live/agentLoopLive.live.test.ts(173,26): error TS2339: Property '_inLoadPhase' does not exist on type '{ events: never[]; chunks: never[]; thinkingChunks: never[]; statuses: never[]; toolCalls: never[]; errors: never[]; done: null; text: string; thinking: string; phases: Set<unknown>; promptProcessingStarts: number; ... 6 more ...; durationMs: number; }'.
tests/live/agentLoopLive.live.test.ts(176,33): error TS2339: Property '_inLoadPhase' does not exist on type '{ events: never[]; chunks: never[]; thinkingChunks: never[]; statuses: never[]; toolCalls: never[]; errors: never[]; done: null; text: string; thinking: string; phases: Set<unknown>; promptProcessingStarts: number; ... 6 more ...; durationMs: number; }'.
tests/live/agentLoopLive.live.test.ts(178,24): error TS2339: Property '_inLoadPhase' does not exist on type '{ events: never[]; chunks: never[]; thinkingChunks: never[]; statuses: never[]; toolCalls: never[]; errors: never[]; done: null; text: string; thinking: string; phases: Set<unknown>; promptProcessingStarts: number; ... 6 more ...; durationMs: number; }'.
tests/live/agentLoopLive.live.test.ts(182,37): error TS2345: Argument of type 'any' is not assignable to parameter of type 'never'.
tests/live/agentLoopLive.live.test.ts(185,37): error TS2345: Argument of type 'any' is not assignable to parameter of type 'never'.
tests/live/agentLoopLive.live.test.ts(188,34): error TS2345: Argument of type 'any' is not assignable to parameter of type 'never'.
tests/live/agentLoopLive.live.test.ts(203,9): error TS18046: 'error' is of type 'unknown'.
tests/live/agentLoopLive.live.test.ts(206,26): error TS2345: Argument of type '{ type: string; message: any; }' is not assignable to parameter of type 'never'.
tests/live/agentLoopLive.live.test.ts(206,52): error TS18046: 'error' is of type 'unknown'.
tests/live/agentLoopLive.live.test.ts(224,28): error TS7006: Parameter 'payload' implicitly has an 'any' type.
tests/live/agentLoopLive.live.test.ts(242,49): error TS2353: Object literal may only specify known properties, and 'controller' does not exist in type '{ timeoutMs?: number | undefined; }'.
tests/live/agentLoopLive.live.test.ts(249,26): error TS7006: Parameter 'payload' implicitly has an 'any' type.
tests/live/agentLoopLive.live.test.ts(261,23): error TS18046: 'body' is of type 'unknown'.
tests/live/agentLoopLive.live.test.ts(262,21): error TS18046: 'body' is of type 'unknown'.
tests/live/agentLoopLive.live.test.ts(262,37): error TS18046: 'body' is of type 'unknown'.
tests/live/agentLoopLive.live.test.ts(270,20): error TS7006: Parameter 'label' implicitly has an 'any' type.
tests/live/agentLoopLive.live.test.ts(270,27): error TS7006: Parameter 'result' implicitly has an 'any' type.
tests/live/agentLoopLive.live.test.ts(287,69): error TS7006: Parameter 's' implicitly has an 'any' type.
tests/live/agentLoopLive.live.test.ts(293,34): error TS7053: Element implicitly has an 'any' type because expression of type 'any' can't be used to index type '{}'.
tests/live/agentLoopLive.live.test.ts(293,56): error TS7053: Element implicitly has an 'any' type because expression of type 'any' can't be used to index type '{}'.
tests/live/agentLoopLive.live.test.ts(297,39): error TS7006: Parameter 'e' implicitly has an 'any' type.
tests/live/agentLoopLive.live.test.ts(315,5): error TS7034: Variable 'targetModel' implicitly has type 'any' in some locations where its type cannot be determined.
tests/live/agentLoopLive.live.test.ts(349,14): error TS7005: Variable 'targetModel' implicitly has an 'any' type.
tests/live/agentLoopLive.live.test.ts(388,14): error TS7005: Variable 'targetModel' implicitly has an 'any' type.
tests/live/agentLoopLive.live.test.ts(408,14): error TS7005: Variable 'targetModel' implicitly has an 'any' type.
tests/live/agentLoopLive.live.test.ts(436,14): error TS7005: Variable 'targetModel' implicitly has an 'any' type.
tests/live/agentLoopLive.live.test.ts(466,14): error TS7005: Variable 'targetModel' implicitly has an 'any' type.
tests/live/agentLoopLive.live.test.ts(509,16): error TS7005: Variable 'targetModel' implicitly has an 'any' type.
tests/live/agentLoopLive.live.test.ts(522,20): error TS18047: 'response.body' is possibly 'null'.
tests/live/agentLoopLive.live.test.ts(551,18): error TS7005: Variable 'targetModel' implicitly has an 'any' type.
tests/live/agentLoopLive.live.test.ts(563,43): error TS2339: Property 'message' does not exist on type 'never'.
tests/live/agentLoopLive.live.test.ts(571,28): error TS18046: 'error' is of type 'unknown'.
tests/live/agentLoopLive.live.test.ts(575,17): error TS2304: Cannot find name 'err'.
tests/live/agentLoopLive.live.test.ts(583,12): error TS18047: 'followUp' is possibly 'null'.
tests/live/agentLoopLive.live.test.ts(585,12): error TS18047: 'followUp' is possibly 'null'.
tests/live/agentLoopLive.live.test.ts(585,29): error TS18047: 'followUp' is possibly 'null'.
tests/live/agentLoopLive.live.test.ts(586,12): error TS18047: 'followUp' is possibly 'null'.
tests/live/agentLoopLive.live.test.ts(588,12): error TS18047: 'followUp' is possibly 'null'.
tests/live/agentLoopLive.live.test.ts(603,16): error TS7005: Variable 'targetModel' implicitly has an 'any' type.
tests/live/agentLoopLive.live.test.ts(647,14): error TS7005: Variable 'targetModel' implicitly has an 'any' type.
tests/live/agentLoopLive.live.test.ts(658,67): error TS18046: 'result' is of type 'unknown'.
tests/live/agentLoopLive.live.test.ts(661,12): error TS18046: 'result' is of type 'unknown'.
tests/live/agentLoopLive.live.test.ts(663,19): error TS18046: 'result' is of type 'unknown'.
tests/live/agentLoopLive.live.test.ts(664,19): error TS18046: 'result' is of type 'unknown'.
tests/live/agentLoopLive.live.test.ts(680,14): error TS7005: Variable 'targetModel' implicitly has an 'any' type.
tests/live/agentLoopLive.live.test.ts(710,16): error TS2339: Property 'message' does not exist on type 'never'.
tests/live/agentLoopLive.live.test.ts(713,16): error TS2339: Property 'tool' does not exist on type 'never'.
tests/live/agentLoopLive.live.test.ts(713,50): error TS2339: Property 'name' does not exist on type 'never'.
tests/live/agentLoopLive.live.test.ts(742,14): error TS7005: Variable 'targetModel' implicitly has an 'any' type.
tests/live/agentLoopLive.live.test.ts(775,14): error TS7005: Variable 'targetModel' implicitly has an 'any' type.
tests/live/functionCallingLive.live.test.ts(36,12): error TS18046: 'data' is of type 'unknown'.
tests/live/functionCallingLive.live.test.ts(38,12): error TS18046: 'data' is of type 'unknown'.
tests/live/functionCallingLive.live.test.ts(39,26): error TS18046: 'data' is of type 'unknown'.
tests/live/functionCallingLive.live.test.ts(40,12): error TS18046: 'data' is of type 'unknown'.
tests/live/functionCallingLive.live.test.ts(42,25): error TS18046: 'data' is of type 'unknown'.
tests/live/functionCallingLive.live.test.ts(45,12): error TS18046: 'data' is of type 'unknown'.
tests/live/functionCallingLive.live.test.ts(46,12): error TS18046: 'data' is of type 'unknown'.
tests/live/sessionGenTrackerLive.live.test.ts(48,18): error TS18046: 'data' is of type 'unknown'.
tests/live/sessionGenTrackerLive.live.test.ts(48,33): error TS18046: 'data' is of type 'unknown'.
tests/live/sessionGenTrackerLive.live.test.ts(51,32): error TS7006: Parameter 'm' implicitly has an 'any' type.
tests/live/sessionGenTrackerLive.live.test.ts(57,6): error TS7006: Parameter 'm' implicitly has an 'any' type.
tests/live/sessionGenTrackerLive.live.test.ts(61,30): error TS7006: Parameter 'm' implicitly has an 'any' type.
tests/live/sessionGenTrackerLive.live.test.ts(70,32): error TS7006: Parameter 'response' implicitly has an 'any' type.
tests/live/sessionGenTrackerLive.live.test.ts(70,74): error TS2339: Property 'controller' does not exist on type '{ timeoutMs?: number | undefined; }'.
tests/live/sessionGenTrackerLive.live.test.ts(124,7): error TS2322: Type 'string | undefined' is not assignable to type 'string'.
  Type 'undefined' is not assignable to type 'string'.
tests/live/sessionGenTrackerLive.live.test.ts(132,30): error TS2345: Argument of type 'any' is not assignable to parameter of type 'never'.
tests/live/sessionGenTrackerLive.live.test.ts(138,34): error TS2345: Argument of type 'any' is not assignable to parameter of type 'never'.
tests/live/sessionGenTrackerLive.live.test.ts(142,42): error TS2345: Argument of type 'any' is not assignable to parameter of type 'never'.
tests/live/sessionGenTrackerLive.live.test.ts(146,36): error TS2345: Argument of type 'any' is not assignable to parameter of type 'never'.
tests/live/sessionGenTrackerLive.live.test.ts(150,54): error TS2345: Argument of type '{ tokPerSec: any; activeRequests: any; outputTokens: any; inputTokens: any; totalTokens: any; avgTtft: any; timestamp: number; }' is not assignable to parameter of type 'never'.
tests/live/sessionGenTrackerLive.live.test.ts(162,45): error TS2345: Argument of type 'any' is not assignable to parameter of type 'never'.
tests/live/sessionGenTrackerLive.live.test.ts(165,37): error TS2345: Argument of type 'any' is not assignable to parameter of type 'never'.
tests/live/sessionGenTrackerLive.live.test.ts(168,37): error TS2345: Argument of type 'any' is not assignable to parameter of type 'never'.
tests/live/sessionGenTrackerLive.live.test.ts(171,48): error TS2345: Argument of type 'any' is not assignable to parameter of type 'never'.
tests/live/sessionGenTrackerLive.live.test.ts(174,22): error TS7053: Element implicitly has an 'any' type because expression of type 'any' can't be used to index type '{}'.
tests/live/sessionGenTrackerLive.live.test.ts(175,19): error TS7053: Element implicitly has an 'any' type because expression of type 'any' can't be used to index type '{}'.
tests/live/sessionGenTrackerLive.live.test.ts(177,17): error TS7053: Element implicitly has an 'any' type because expression of type 'any' can't be used to index type '{}'.
tests/live/sessionGenTrackerLive.live.test.ts(188,52): error TS2345: Argument of type 'any' is not assignable to parameter of type 'never'.
tests/live/sessionGenTrackerLive.live.test.ts(192,34): error TS2345: Argument of type 'any' is not assignable to parameter of type 'never'.
tests/live/sessionGenTrackerLive.live.test.ts(206,9): error TS18046: 'error' is of type 'unknown'.
tests/live/sessionGenTrackerLive.live.test.ts(209,26): error TS2345: Argument of type '{ type: string; message: any; }' is not assignable to parameter of type 'never'.
tests/live/sessionGenTrackerLive.live.test.ts(209,52): error TS18046: 'error' is of type 'unknown'.
tests/live/sessionGenTrackerLive.live.test.ts(223,28): error TS7006: Parameter 'payload' implicitly has an 'any' type.
tests/live/sessionGenTrackerLive.live.test.ts(241,49): error TS2353: Object literal may only specify known properties, and 'controller' does not exist in type '{ timeoutMs?: number | undefined; }'.
tests/live/sessionGenTrackerLive.live.test.ts(247,29): error TS7006: Parameter 'label' implicitly has an 'any' type.
tests/live/sessionGenTrackerLive.live.test.ts(247,36): error TS7006: Parameter 'result' implicitly has an 'any' type.
tests/live/sessionGenTrackerLive.live.test.ts(252,6): error TS7006: Parameter 'max' implicitly has an 'any' type.
tests/live/sessionGenTrackerLive.live.test.ts(252,11): error TS7006: Parameter 'e' implicitly has an 'any' type.
tests/live/sessionGenTrackerLive.live.test.ts(281,8): error TS7006: Parameter 'max' implicitly has an 'any' type.
tests/live/sessionGenTrackerLive.live.test.ts(281,13): error TS7006: Parameter 'e' implicitly has an 'any' type.
tests/live/sessionGenTrackerLive.live.test.ts(294,5): error TS7034: Variable 'targetModel' implicitly has type 'any' in some locations where its type cannot be determined.
tests/live/sessionGenTrackerLive.live.test.ts(328,14): error TS7005: Variable 'targetModel' implicitly has an 'any' type.
tests/live/sessionGenTrackerLive.live.test.ts(350,16): error TS2339: Property 'tokPerSec' does not exist on type 'never'.
tests/live/sessionGenTrackerLive.live.test.ts(350,39): error TS2339: Property 'tokPerSec' does not exist on type 'never'.
tests/live/sessionGenTrackerLive.live.test.ts(368,26): error TS2339: Property 'tokPerSec' does not exist on type 'never'.
tests/live/sessionGenTrackerLive.live.test.ts(369,23): error TS2339: Property 'tokPerSec' does not exist on type 'never'.
tests/live/sessionGenTrackerLive.live.test.ts(385,14): error TS7005: Variable 'targetModel' implicitly has an 'any' type.
tests/live/sessionGenTrackerLive.live.test.ts(407,16): error TS2339: Property 'message' does not exist on type 'never'.
tests/live/sessionGenTrackerLive.live.test.ts(418,27): error TS2339: Property 'tokPerSec' does not exist on type 'never'.
tests/live/sessionGenTrackerLive.live.test.ts(418,59): error TS2339: Property 'tokPerSec' does not exist on type 'never'.
tests/live/sessionGenTrackerLive.live.test.ts(419,27): error TS2339: Property 'activeRequests' does not exist on type 'never'.
tests/live/sessionGenTrackerLive.live.test.ts(420,27): error TS2339: Property 'outputTokens' does not exist on type 'never'.
tests/live/sessionGenTrackerLive.live.test.ts(436,14): error TS7005: Variable 'targetModel' implicitly has an 'any' type.
tests/live/sessionGenTrackerLive.live.test.ts(469,16): error TS2339: Property 'tokPerSec' does not exist on type 'never'.
tests/live/sessionGenTrackerLive.live.test.ts(469,39): error TS2339: Property 'tokPerSec' does not exist on type 'never'.
tests/live/sessionGenTrackerLive.live.test.ts(482,55): error TS2339: Property 'activeRequests' does not exist on type 'never'.
tests/live/sessionGenTrackerLive.live.test.ts(489,16): error TS2339: Property 'tool' does not exist on type 'never'.
tests/live/sessionGenTrackerLive.live.test.ts(489,50): error TS2339: Property 'name' does not exist on type 'never'.
tests/live/sessionGenTrackerLive.live.test.ts(501,30): error TS7053: Element implicitly has an 'any' type because expression of type 'string' can't be used to index type '{}'.
  No index signature with a parameter of type 'string' was found on type '{}'.
tests/live/sessionGenTrackerLive.live.test.ts(506,12): error TS7006: Parameter 'e' implicitly has an 'any' type.
tests/live/sessionGenTrackerLive.live.test.ts(520,33): error TS2339: Property 'subAgentId' does not exist on type 'never'.
tests/live/sessionGenTrackerLive.live.test.ts(522,30): error TS2339: Property 'usage' does not exist on type 'never'.
tests/live/sessionGenTrackerLive.live.test.ts(523,42): error TS2339: Property 'usage' does not exist on type 'never'.
tests/live/sessionGenTrackerLive.live.test.ts(530,68): error TS2339: Property 'tool' does not exist on type 'never'.
tests/live/sessionGenTrackerLive.live.test.ts(530,84): error TS2339: Property 'name' does not exist on type 'never'.
tests/live/sessionGenTrackerLive.live.test.ts(541,14): error TS7005: Variable 'targetModel' implicitly has an 'any' type.
tests/live/sessionGenTrackerLive.live.test.ts(560,17): error TS2339: Property 'outputTokens' does not exist on type 'never'.
tests/live/sessionGenTrackerLive.live.test.ts(561,22): error TS2339: Property 'outputTokens' does not exist on type 'never'.
tests/live/sessionGenTrackerLive.live.test.ts(562,28): error TS2339: Property 'outputTokens' does not exist on type 'never'.
tests/live/sessionGenTrackerLive.live.test.ts(568,22): error TS2339: Property 'outputTokens' does not exist on type 'never'.
tests/live/sessionGenTrackerLive.live.test.ts(572,22): error TS2339: Property 'usage' does not exist on type 'never'.
tests/live/sessionGenTrackerLive.live.test.ts(573,31): error TS2339: Property 'outputTokens' does not exist on type 'never'.
tests/live/sessionGenTrackerLive.live.test.ts(573,58): error TS2339: Property 'usage' does not exist on type 'never'.
tests/live/sessionGenTrackerLive.live.test.ts(574,60): error TS2339: Property 'outputTokens' does not exist on type 'never'.
tests/live/sessionGenTrackerLive.live.test.ts(574,101): error TS2339: Property 'usage' does not exist on type 'never'.
tests/live/sessionGenTrackerLive.live.test.ts(590,14): error TS7005: Variable 'targetModel' implicitly has an 'any' type.
tests/live/sessionGenTrackerLive.live.test.ts(611,22): error TS2339: Property 'inputTokens' does not exist on type 'never'.
tests/live/sessionGenTrackerLive.live.test.ts(612,29): error TS2339: Property 'inputTokens' does not exist on type 'never'.
tests/live/sessionGenTrackerLive.live.test.ts(613,22): error TS2339: Property 'inputTokens' does not exist on type 'never'.
tests/live/sessionGenTrackerLive.live.test.ts(614,48): error TS2339: Property 'inputTokens' does not exist on type 'never'.
tests/live/sessionGenTrackerLive.live.test.ts(617,42): error TS2339: Property 'usage' does not exist on type 'never'.
tests/live/sessionGenTrackerLive.live.test.ts(618,23): error TS2339: Property 'usage' does not exist on type 'never'.
tests/live/sessionGenTrackerLive.live.test.ts(622,24): error TS2339: Property 'inputTokens' does not exist on type 'never'.
tests/live/sessionGenTrackerLive.live.test.ts(627,22): error TS2339: Property 'totalTokens' does not exist on type 'never'.
tests/live/sessionGenTrackerLive.live.test.ts(628,22): error TS2339: Property 'totalTokens' does not exist on type 'never'.
tests/live/sessionGenTrackerLive.live.test.ts(628,50): error TS2339: Property 'inputTokens' does not exist on type 'never'.
tests/live/sessionGenTrackerLive.live.test.ts(628,74): error TS2339: Property 'outputTokens' does not exist on type 'never'.
tests/live/sessionGenTrackerLive.live.test.ts(629,48): error TS2339: Property 'totalTokens' does not exist on type 'never'.
tests/live/sessionGenTrackerLive.live.test.ts(629,74): error TS2339: Property 'inputTokens' does not exist on type 'never'.
tests/live/sessionGenTrackerLive.live.test.ts(629,104): error TS2339: Property 'outputTokens' does not exist on type 'never'.
tests/live/sessionGenTrackerLive.live.test.ts(634,22): error TS2339: Property 'avgTtft' does not exist on type 'never'.
tests/live/sessionGenTrackerLive.live.test.ts(635,29): error TS2339: Property 'avgTtft' does not exist on type 'never'.
tests/live/sessionGenTrackerLive.live.test.ts(636,22): error TS2339: Property 'avgTtft' does not exist on type 'never'.
tests/live/sessionGenTrackerLive.live.test.ts(638,22): error TS2339: Property 'avgTtft' does not exist on type 'never'.
tests/live/sessionGenTrackerLive.live.test.ts(639,44): error TS2339: Property 'avgTtft' does not exist on type 'never'.
tests/live/sessionGenTrackerLive.live.test.ts(643,16): error TS2339: Property 'message' does not exist on type 'never'.
tests/live/sessionGenTrackerLive.live.test.ts(643,54): error TS2339: Property 'timeToFirstToken' does not exist on type 'never'.
tests/live/sessionGenTrackerLive.live.test.ts(646,46): error TS2339: Property 'timeToFirstToken' does not exist on type 'never'.
tests/live/sessionGenTrackerLive.live.test.ts(649,33): error TS2339: Property 'avgTtft' does not exist on type 'never'.
tests/live/sessionGenTrackerLive.live.test.ts(661,17): error TS2339: Property 'inputTokens' does not exist on type 'never'.
tests/live/sessionGenTrackerLive.live.test.ts(661,46): error TS2339: Property 'outputTokens' does not exist on type 'never'.
tests/live/sessionGenTrackerLive.live.test.ts(662,22): error TS2339: Property 'totalTokens' does not exist on type 'never'.
tests/live/sessionGenTrackerLive.live.test.ts(662,46): error TS2339: Property 'inputTokens' does not exist on type 'never'.
tests/live/sessionGenTrackerLive.live.test.ts(662,66): error TS2339: Property 'outputTokens' does not exist on type 'never'.
tests/live/tokenAccuracyLive.live.test.ts(30,5): error TS7034: Variable 'targetModel' implicitly has type 'any' in some locations where its type cannot be determined.
tests/live/tokenAccuracyLive.live.test.ts(36,18): error TS18046: 'data' is of type 'unknown'.
tests/live/tokenAccuracyLive.live.test.ts(36,33): error TS18046: 'data' is of type 'unknown'.
tests/live/tokenAccuracyLive.live.test.ts(38,32): error TS7006: Parameter 'm' implicitly has an 'any' type.
tests/live/tokenAccuracyLive.live.test.ts(42,6): error TS7006: Parameter 'm' implicitly has an 'any' type.
tests/live/tokenAccuracyLive.live.test.ts(45,30): error TS7006: Parameter 'm' implicitly has an 'any' type.
tests/live/tokenAccuracyLive.live.test.ts(57,33): error TS7006: Parameter 'prompt' implicitly has an 'any' type.
tests/live/tokenAccuracyLive.live.test.ts(70,14): error TS7005: Variable 'targetModel' implicitly has an 'any' type.
tests/live/tokenAccuracyLive.live.test.ts(86,18): error TS18047: 'res.body' is possibly 'null'.
tests/live/tokenAccuracyLive.live.test.ts(144,38): error TS2345: Argument of type '{ timestamp: number; outputTokens: any; inputTokens: any; totalTokens: any; outputCharacters: any; tokPerSec: any; activeRequests: any; avgTtft: any; }' is not assignable to parameter of type 'never'.
tests/live/tokenAccuracyLive.live.test.ts(146,33): error TS2345: Argument of type '{ timestamp: number; outputTokens: any; inputTokens: any; totalTokens: any; outputCharacters: any; tokPerSec: any; activeRequests: any; avgTtft: any; }' is not assignable to parameter of type 'never'.
tests/live/tokenAccuracyLive.live.test.ts(153,16): error TS7053: Element implicitly has an 'any' type because expression of type 'any' can't be used to index type '{}'.
tests/live/tokenAccuracyLive.live.test.ts(154,13): error TS7053: Element implicitly has an 'any' type because expression of type 'any' can't be used to index type '{}'.
tests/live/tokenAccuracyLive.live.test.ts(156,11): error TS7053: Element implicitly has an 'any' type because expression of type 'any' can't be used to index type '{}'.
tests/live/tokenAccuracyLive.live.test.ts(165,43): error TS2345: Argument of type 'any' is not assignable to parameter of type 'never'.
tests/live/tokenAccuracyLive.live.test.ts(170,36): error TS2345: Argument of type 'any' is not assignable to parameter of type 'never'.
tests/live/tokenAccuracyLive.live.test.ts(220,28): error TS7006: Parameter 'events' implicitly has an 'any' type.
tests/live/tokenAccuracyLive.live.test.ts(236,27): error TS7006: Parameter 'label' implicitly has an 'any' type.
tests/live/tokenAccuracyLive.live.test.ts(236,34): error TS7006: Parameter 'result' implicitly has an 'any' type.
tests/live/tokenAccuracyLive.live.test.ts(329,43): error TS2339: Property 'outputTokens' does not exist on type 'never'.
tests/live/tokenAccuracyLive.live.test.ts(338,17): error TS2339: Property 'outputTokens' does not exist on type 'never'.
tests/live/tokenAccuracyLive.live.test.ts(356,17): error TS2339: Property 'outputCharacters' does not exist on type 'never'.
tests/live/tokenAccuracyLive.live.test.ts(358,19): error TS2339: Property 'outputCharacters' does not exist on type 'never'.
tests/live/tokenAccuracyLive.live.test.ts(358,59): error TS2339: Property 'outputCharacters' does not exist on type 'never'.
tests/live/tokenAccuracyLive.live.test.ts(377,17): error TS2339: Property 'outputTokens' does not exist on type 'never'.
tests/live/tokenAccuracyLive.live.test.ts(378,17): error TS2339: Property 'inputTokens' does not exist on type 'never'.
tests/live/tokenAccuracyLive.live.test.ts(379,17): error TS2339: Property 'totalTokens' does not exist on type 'never'.
tests/live/tokenAccuracyLive.live.test.ts(401,17): error TS2339: Property 'outputTokens' does not exist on type 'never'.
tests/live/tokenAccuracyLive.live.test.ts(405,16): error TS7053: Element implicitly has an 'any' type because expression of type 'string' can't be used to index type '{}'.
  No index signature with a parameter of type 'string' was found on type '{}'.
tests/live/tokenAccuracyLive.live.test.ts(408,30): error TS7053: Element implicitly has an 'any' type because expression of type 'string' can't be used to index type '{}'.
  No index signature with a parameter of type 'string' was found on type '{}'.
tests/live/tokenAccuracyLive.live.test.ts(413,43): error TS2339: Property 'outputTokens' does not exist on type 'never'.
tests/live/tokenAccuracyLive.live.test.ts(414,19): error TS2339: Property 'outputTokens' does not exist on type 'never'.
tests/live/tokenCostLive.live.test.ts(596,43): error TS2345: Argument of type 'number | null' is not assignable to parameter of type 'number'.
  Type 'null' is not assignable to type 'number'.
tests/live/tokenMetricsLive.live.test.ts(59,33): error TS7006: Parameter 'provider' implicitly has an 'any' type.
tests/live/tokenMetricsLive.live.test.ts(59,43): error TS7006: Parameter 'model' implicitly has an 'any' type.
tests/live/tokenMetricsLive.live.test.ts(59,50): error TS7006: Parameter 'prompt' implicitly has an 'any' type.
tests/live/tokenMetricsLive.live.test.ts(65,3): error TS2339: Property 'enabledTools' does not exist on type '{ maxTokens?: number | undefined; timeout?: number | undefined; agent?: string | undefined; autoApprove?: boolean | undefined; maxIterations?: number | undefined; }'.
tests/live/tokenMetricsLive.live.test.ts(80,40): error TS2339: Property 'enabledTools' does not exist on type '{ provider: any; model: any; messages: { role: string; content: any; }[]; agent: string; agentConversationId: `${string}-${string}-${string}-${string}-${string}`; maxTokens: number; autoApprove: boolean; maxIterations: number; }'.
tests/live/tokenMetricsLive.live.test.ts(98,18): error TS18047: 'res.body' is possibly 'null'.
tests/live/tokenMetricsLive.live.test.ts(138,38): error TS2345: Argument of type '{ timestamp: number; outputTokens: any; inputTokens: any; totalTokens: any; outputCharacters: any; tokPerSec: any; activeRequests: any; avgTtft: any; }' is not assignable to parameter of type 'never'.
tests/live/tokenMetricsLive.live.test.ts(150,36): error TS2345: Argument of type 'any' is not assignable to parameter of type 'never'.
tests/live/tokenMetricsLive.live.test.ts(166,33): error TS2345: Argument of type 'any' is not assignable to parameter of type 'never'.
tests/live/tokenMetricsLive.live.test.ts(170,16): error TS7053: Element implicitly has an 'any' type because expression of type 'any' can't be used to index type '{}'.
tests/live/tokenMetricsLive.live.test.ts(171,13): error TS7053: Element implicitly has an 'any' type because expression of type 'any' can't be used to index type '{}'.
tests/live/tokenMetricsLive.live.test.ts(173,11): error TS7053: Element implicitly has an 'any' type because expression of type 'any' can't be used to index type '{}'.
tests/live/tokenMetricsLive.live.test.ts(182,46): error TS2345: Argument of type 'any' is not assignable to parameter of type 'never'.
tests/live/tokenMetricsLive.live.test.ts(200,28): error TS7006: Parameter 'events' implicitly has an 'any' type.
tests/live/tokenMetricsLive.live.test.ts(216,21): error TS7006: Parameter 'label' implicitly has an 'any' type.
tests/live/tokenMetricsLive.live.test.ts(216,28): error TS7006: Parameter 'result' implicitly has an 'any' type.
tests/live/tokenMetricsLive.live.test.ts(234,73): error TS7006: Parameter 'e' implicitly has an 'any' type.
tests/live/tokenMetricsLive.live.test.ts(234,103): error TS7006: Parameter 'e' implicitly has an 'any' type.
tests/live/tokenMetricsLive.live.test.ts(247,5): error TS7034: Variable 'lmStudioModel' implicitly has type 'any' in some locations where its type cannot be determined.
tests/live/tokenMetricsLive.live.test.ts(258,20): error TS18046: 'data' is of type 'unknown'.
tests/live/tokenMetricsLive.live.test.ts(258,35): error TS18046: 'data' is of type 'unknown'.
tests/live/tokenMetricsLive.live.test.ts(260,34): error TS7006: Parameter 'm' implicitly has an 'any' type.
tests/live/tokenMetricsLive.live.test.ts(264,8): error TS7006: Parameter 'm' implicitly has an 'any' type.
tests/live/tokenMetricsLive.live.test.ts(267,32): error TS7006: Parameter 'm' implicitly has an 'any' type.
tests/live/tokenMetricsLive.live.test.ts(283,29): error TS2339: Property 'textToText' does not exist on type '{}'.
tests/live/tokenMetricsLive.live.test.ts(286,22): error TS7053: Element implicitly has an 'any' type because expression of type 'string' can't be used to index type '{ openai: { model: string; label: string; }; anthropic: { model: string; label: string; }; google: { model: string; label: string; }; }'.
  No index signature with a parameter of type 'string' was found on type '{ openai: { model: string; label: string; }; anthropic: { model: string; label: string; }; google: { model: string; label: string; }; }'.
tests/live/tokenMetricsLive.live.test.ts(287,32): error TS7006: Parameter 'm' implicitly has an 'any' type.
tests/live/tokenMetricsLive.live.test.ts(288,9): error TS7053: Element implicitly has an 'any' type because expression of type 'string' can't be used to index type '{ openai: boolean; anthropic: boolean; google: boolean; }'.
  No index signature with a parameter of type 'string' was found on type '{ openai: boolean; anthropic: boolean; google: boolean; }'.
tests/live/tokenMetricsLive.live.test.ts(334,28): error TS7005: Variable 'lmStudioModel' implicitly has an 'any' type.
tests/live/tokenMetricsLive.live.test.ts(343,16): error TS2339: Property 'tokPerSec' does not exist on type 'never'.
tests/live/tokenMetricsLive.live.test.ts(343,39): error TS2339: Property 'tokPerSec' does not exist on type 'never'.
tests/live/tokenMetricsLive.live.test.ts(348,57): error TS2339: Property 'tokPerSec' does not exist on type 'never'.
tests/live/tokenMetricsLive.live.test.ts(358,28): error TS7005: Variable 'lmStudioModel' implicitly has an 'any' type.
tests/live/tokenMetricsLive.live.test.ts(369,17): error TS2339: Property 'outputTokens' does not exist on type 'never'.
tests/live/tokenMetricsLive.live.test.ts(370,17): error TS2339: Property 'inputTokens' does not exist on type 'never'.
tests/live/tokenMetricsLive.live.test.ts(371,17): error TS2339: Property 'totalTokens' does not exist on type 'never'.
tests/live/tokenMetricsLive.live.test.ts(374,17): error TS2339: Property 'totalTokens' does not exist on type 'never'.
tests/live/tokenMetricsLive.live.test.ts(374,40): error TS2339: Property 'inputTokens' does not exist on type 'never'.
tests/live/tokenMetricsLive.live.test.ts(374,59): error TS2339: Property 'outputTokens' does not exist on type 'never'.
tests/live/tokenMetricsLive.live.test.ts(377,27): error TS2339: Property 'outputTokens' does not exist on type 'never'.
tests/live/tokenMetricsLive.live.test.ts(378,19): error TS2339: Property 'outputTokens' does not exist on type 'never'.
tests/live/tokenMetricsLive.live.test.ts(378,55): error TS2339: Property 'outputTokens' does not exist on type 'never'.
tests/live/tokenMetricsLive.live.test.ts(380,27): error TS2339: Property 'inputTokens' does not exist on type 'never'.
tests/live/tokenMetricsLive.live.test.ts(380,60): error TS2339: Property 'promptTokens' does not exist on type 'never'.
tests/live/tokenMetricsLive.live.test.ts(381,43): error TS2339: Property 'inputTokens' does not exist on type 'never'.
tests/live/tokenMetricsLive.live.test.ts(381,75): error TS2339: Property 'promptTokens' does not exist on type 'never'.
tests/live/tokenMetricsLive.live.test.ts(382,19): error TS2339: Property 'inputTokens' does not exist on type 'never'.
tests/live/tokenMetricsLive.live.test.ts(391,28): error TS7005: Variable 'lmStudioModel' implicitly has an 'any' type.
tests/live/tokenMetricsLive.live.test.ts(408,28): error TS7005: Variable 'lmStudioModel' implicitly has an 'any' type.
tests/live/tokenMetricsLive.live.test.ts(416,17): error TS2339: Property 'avgTtft' does not exist on type 'never'.
tests/live/tokenMetricsLive.live.test.ts(417,24): error TS2339: Property 'avgTtft' does not exist on type 'never'.
tests/live/tokenMetricsLive.live.test.ts(418,17): error TS2339: Property 'avgTtft' does not exist on type 'never'.
tests/live/tokenMetricsLive.live.test.ts(420,17): error TS2339: Property 'avgTtft' does not exist on type 'never'.
tests/live/tokenMetricsLive.live.test.ts(430,28): error TS7005: Variable 'lmStudioModel' implicitly has an 'any' type.
tests/live/tokenMetricsLive.live.test.ts(440,16): error TS2339: Property 'tokPerSec' does not exist on type 'never'.
tests/live/tokenMetricsLive.live.test.ts(440,39): error TS2339: Property 'tokPerSec' does not exist on type 'never'.
tests/live/tokenMetricsLive.live.test.ts(446,17): error TS2339: Property 'outputTokens' does not exist on type 'never'.
tests/live/tokenMetricsLive.live.test.ts(479,10): error TS7053: Element implicitly has an 'any' type because expression of type 'string' can't be used to index type '{ openai: boolean; anthropic: boolean; google: boolean; }'.
  No index signature with a parameter of type 'string' was found on type '{ openai: boolean; anthropic: boolean; google: boolean; }'.
tests/live/tokenMetricsLive.live.test.ts(503,17): error TS2339: Property 'outputTokens' does not exist on type 'never'.
tests/live/tokenMetricsLive.live.test.ts(504,17): error TS2339: Property 'inputTokens' does not exist on type 'never'.
tests/live/tokenMetricsLive.live.test.ts(505,17): error TS2339: Property 'totalTokens' does not exist on type 'never'.
tests/live/tokenMetricsLive.live.test.ts(508,17): error TS2339: Property 'totalTokens' does not exist on type 'never'.
tests/live/tokenMetricsLive.live.test.ts(508,40): error TS2339: Property 'inputTokens' does not exist on type 'never'.
tests/live/tokenMetricsLive.live.test.ts(508,59): error TS2339: Property 'outputTokens' does not exist on type 'never'.
tests/live/tokenMetricsLive.live.test.ts(509,45): error TS2339: Property 'inputTokens' does not exist on type 'never'.
tests/live/tokenMetricsLive.live.test.ts(509,67): error TS2339: Property 'outputTokens' does not exist on type 'never'.
tests/live/tokenMetricsLive.live.test.ts(509,90): error TS2339: Property 'totalTokens' does not exist on type 'never'.
tests/live/tokenMetricsLive.live.test.ts(513,25): error TS18047: 'result.doneUsage' is possibly 'null'.
tests/live/tokenMetricsLive.live.test.ts(514,24): error TS18047: 'result.doneUsage' is possibly 'null'.
tests/live/tokenMetricsLive.live.test.ts(514,56): error TS18047: 'result.doneUsage' is possibly 'null'.
tests/live/tokenMetricsLive.live.test.ts(520,17): error TS2339: Property 'outputTokens' does not exist on type 'never'.
tests/live/tokenMetricsLive.live.test.ts(524,29): error TS2339: Property 'inputTokens' does not exist on type 'never'.
tests/live/tokenMetricsLive.live.test.ts(527,50): error TS2339: Property 'outputTokens' does not exist on type 'never'.
tests/live/tokenMetricsLive.live.test.ts(527,89): error TS2339: Property 'inputTokens' does not exist on type 'never'.
tests/live/tokenMetricsLive.live.test.ts(536,16): error TS2339: Property 'tokPerSec' does not exist on type 'never'.
tests/live/tokenMetricsLive.live.test.ts(536,39): error TS2339: Property 'tokPerSec' does not exist on type 'never'.
tests/live/tokenMetricsLive.live.test.ts(542,19): error TS2339: Property 'outputTokens' does not exist on type 'never'.
tests/live/tokenMetricsLive.live.test.ts(544,59): error TS2339: Property 'tokPerSec' does not exist on type 'never'.
tests/live/tokenMetricsLive.live.test.ts(554,22): error TS2339: Property 'outputTokens' does not exist on type 'never'.
tests/live/tokenMetricsLive.live.test.ts(555,22): error TS2339: Property 'inputTokens' does not exist on type 'never'.
tests/live/tokenMetricsLive.live.test.ts(555,47): error TS2339: Property 'promptTokens' does not exist on type 'never'.
tests/live/tokenMetricsLive.live.test.ts(556,97): error TS2339: Property 'outputTokens' does not exist on type 'never'.
tests/live/tokenMetricsLive.live.test.ts(566,16): error TS2339: Property 'avgTtft' does not exist on type 'never'.
tests/live/tokenMetricsLive.live.test.ts(566,37): error TS2339: Property 'avgTtft' does not exist on type 'never'.
tests/live/tokenMetricsLive.live.test.ts(569,32): error TS2339: Property 'avgTtft' does not exist on type 'never'.
tests/live/tokenMetricsLive.live.test.ts(593,10): error TS7053: Element implicitly has an 'any' type because expression of type 'string' can't be used to index type '{ openai: boolean; anthropic: boolean; google: boolean; }'.
  No index signature with a parameter of type 'string' was found on type '{ openai: boolean; anthropic: boolean; google: boolean; }'.
tests/live/tokenMetricsLive.live.test.ts(615,17): error TS2339: Property 'outputTokens' does not exist on type 'never'.
tests/live/tokenMetricsLive.live.test.ts(618,50): error TS2339: Property 'outputTokens' does not exist on type 'never'.
tests/live/tokenMetricsLive.live.test.ts(619,50): error TS2339: Property 'inputTokens' does not exist on type 'never'.
tests/live/tokenMetricsLive.live.test.ts(623,17): error TS2339: Property 'tool' does not exist on type 'never'.
tests/live/tokenMetricsLive.live.test.ts(623,33): error TS2339: Property 'name' does not exist on type 'never'.
tests/live/tokenMetricsLive.live.test.ts(634,30): error TS7053: Element implicitly has an 'any' type because expression of type 'string' can't be used to index type '{}'.
  No index signature with a parameter of type 'string' was found on type '{}'.
tests/live/tokenMetricsLive.live.test.ts(643,12): error TS7006: Parameter 'e' implicitly has an 'any' type.
tests/live/tokenMetricsLive.live.test.ts(646,45): error TS7006: Parameter 'e' implicitly has an 'any' type.
tests/live/tokenMetricsLive.live.test.ts(659,33): error TS2339: Property 'subAgentId' does not exist on type 'never'.
tests/live/tokenMetricsLive.live.test.ts(661,46): error TS2339: Property 'subAgentId' does not exist on type 'never'.
tests/live/tokenMetricsLive.live.test.ts(662,29): error TS2339: Property 'usage' does not exist on type 'never'.
tests/live/tokenMetricsLive.live.test.ts(662,65): error TS2339: Property 'usage' does not exist on type 'never'.
tests/live/tokenMetricsLive.live.test.ts(668,19): error TS2339: Property 'outputTokens' does not exist on type 'never'.
tests/live/tokenMetricsLive.live.test.ts(673,44): error TS2339: Property 'outputTokens' does not exist on type 'never'.
tests/live/tokenMetricsLive.live.test.ts(675,60): error TS2339: Property 'outputTokens' does not exist on type 'never'.
tests/live/tokenMetricsLive.live.test.ts(685,16): error TS2339: Property 'tokPerSec' does not exist on type 'never'.
tests/live/tokenMetricsLive.live.test.ts(685,39): error TS2339: Property 'tokPerSec' does not exist on type 'never'.
tests/live/tokenMetricsLive.live.test.ts(689,44): error TS2339: Property 'tokPerSec' does not exist on type 'never'.
tests/live/tokenMetricsLive.live.test.ts(700,34): error TS2339: Property 'usage' does not exist on type 'never'.
tests/live/tokenMetricsLive.live.test.ts(702,57): error TS2339: Property 'outputTokens' does not exist on type 'never'.
tests/live/tokenMetricsLive.live.test.ts(703,21): error TS2339: Property 'outputTokens' does not exist on type 'never'.
tests/live/tokenMetricsLive.live.test.ts(704,61): error TS2339: Property 'outputTokens' does not exist on type 'never'.
tests/lmStudioProvider.test.ts(233,8): error TS2352: Conversion of type 'LmStudioLoadedInstance' to type 'Record<string, unknown>' may be a mistake because neither type sufficiently overlaps with the other. If this was intentional, convert the expression to 'unknown' first.
  Index signature for type 'string' is missing in type 'LmStudioLoadedInstance'.
tests/lmStudioProvider.test.ts(277,22): error TS2352: Conversion of type 'LmStudioLoadedInstance' to type 'Record<string, unknown>' may be a mistake because neither type sufficiently overlaps with the other. If this was intentional, convert the expression to 'unknown' first.
  Index signature for type 'string' is missing in type 'LmStudioLoadedInstance'.
tests/streamChunkDispatcher.test.ts(459,3): error TS2593: Cannot find name 'beforeEach'. Do you need to install type definitions for a test runner? Try `npm i --save-dev @types/jest` or `npm i --save-dev @types/mocha` and then add 'jest' or 'mocha' to the types field in your tsconfig.
tests/streamingToolPersistence.test.ts(64,28): error TS7006: Parameter 'events' implicitly has an 'any' type.
tests/streamingToolPersistence.test.ts(66,29): error TS7006: Parameter 'e' implicitly has an 'any' type.
tests/streamingToolPersistence.test.ts(88,7): error TS7034: Variable 'originalFetch' implicitly has type 'any' in some locations where its type cannot be determined.
tests/streamingToolPersistence.test.ts(95,24): error TS7005: Variable 'originalFetch' implicitly has an 'any' type.
tests/streamingToolPersistence.test.ts(158,11): error TS7034: Variable 'chunks' implicitly has type 'any[]' in some locations where its type cannot be determined.
tests/streamingToolPersistence.test.ts(166,12): error TS7005: Variable 'chunks' implicitly has an 'any[]' type.
tests/textToSpeech.test.ts(12,16): error TS7006: Parameter 'res' implicitly has an 'any' type.
tests/textToSpeech.test.ts(198,16): error TS7006: Parameter 'res' implicitly has an 'any' type.
tests/tokenCostAccuracy.test.ts(296,23): error TS7006: Parameter 'model' implicitly has an 'any' type.
tests/tokenCostAccuracy.test.ts(296,30): error TS7006: Parameter 'usage' implicitly has an 'any' type.
tests/tokenCostAccuracy.test.ts(303,19): error TS7006: Parameter 'payload' implicitly has an 'any' type.
tests/tokenCostAccuracy.test.ts(338,48): error TS2345: Argument of type 'number | null' is not assignable to parameter of type 'number'.
  Type 'null' is not assignable to type 'number'.
tests/tokenCostAccuracy.test.ts(363,48): error TS2345: Argument of type 'number | null' is not assignable to parameter of type 'number'.
  Type 'null' is not assignable to type 'number'.
tests/tokenCostAccuracy.test.ts(384,48): error TS2345: Argument of type 'number | null' is not assignable to parameter of type 'number'.
  Type 'null' is not assignable to type 'number'.
tests/tokenCostAccuracy.test.ts(420,48): error TS2345: Argument of type 'number | null' is not assignable to parameter of type 'number'.
  Type 'null' is not assignable to type 'number'.
tests/tokenCostAccuracy.test.ts(445,48): error TS2345: Argument of type 'number | null' is not assignable to parameter of type 'number'.
  Type 'null' is not assignable to type 'number'.
tests/tokenCostAccuracy.test.ts(471,48): error TS2345: Argument of type 'number | null' is not assignable to parameter of type 'number'.
  Type 'null' is not assignable to type 'number'.
tests/tokenCostAccuracy.test.ts(503,48): error TS2345: Argument of type 'number | null' is not assignable to parameter of type 'number'.
  Type 'null' is not assignable to type 'number'.
tests/tokenCostAccuracy.test.ts(535,48): error TS2345: Argument of type 'number | null' is not assignable to parameter of type 'number'.
  Type 'null' is not assignable to type 'number'.
tests/tokenCostAccuracy.test.ts(575,48): error TS2345: Argument of type 'number | null' is not assignable to parameter of type 'number'.
  Type 'null' is not assignable to type 'number'.
tests/tokenCostAccuracy.test.ts(598,48): error TS2345: Argument of type 'number | null' is not assignable to parameter of type 'number'.
  Type 'null' is not assignable to type 'number'.
tests/tokenCostAccuracy.test.ts(618,48): error TS2345: Argument of type 'number | null' is not assignable to parameter of type 'number'.
  Type 'null' is not assignable to type 'number'.
tests/tokenCostAccuracy.test.ts(794,48): error TS2345: Argument of type 'number | null' is not assignable to parameter of type 'number'.
  Type 'null' is not assignable to type 'number'.
tests/toolCountSync.test.ts(338,50): error TS2345: Argument of type '(tool: Record<string, unknown>) => unknown' is not assignable to parameter of type '(value: ToolSchema, index: number, array: ToolSchema[]) => unknown'.
  Types of parameters 'tool' and 'value' are incompatible.
    Type 'ToolSchema' is not assignable to type 'Record<string, unknown>'.
      Index signature for type 'string' is missing in type 'ToolSchema'.
tests/toolCountSync.test.ts(375,50): error TS2345: Argument of type '(tool: Record<string, unknown>) => unknown' is not assignable to parameter of type '(value: ToolSchema, index: number, array: ToolSchema[]) => unknown'.
  Types of parameters 'tool' and 'value' are incompatible.
    Type 'ToolSchema' is not assignable to type 'Record<string, unknown>'.
      Index signature for type 'string' is missing in type 'ToolSchema'.
tests/toolCountSync.test.ts(411,50): error TS2345: Argument of type '(tool: Record<string, unknown>) => string' is not assignable to parameter of type '(value: ToolSchema, index: number, array: ToolSchema[]) => string'.
  Types of parameters 'tool' and 'value' are incompatible.
    Type 'ToolSchema' is not assignable to type 'Record<string, unknown>'.
      Index signature for type 'string' is missing in type 'ToolSchema'.
tests/toolCountSync.test.ts(454,50): error TS2345: Argument of type '(tool: Record<string, unknown>) => unknown' is not assignable to parameter of type '(value: ToolSchema, index: number, array: ToolSchema[]) => unknown'.
  Types of parameters 'tool' and 'value' are incompatible.
    Type 'ToolSchema' is not assignable to type 'Record<string, unknown>'.
      Index signature for type 'string' is missing in type 'ToolSchema'.
tests/toolCountSync.test.ts(503,43): error TS2345: Argument of type '(tool: Record<string, unknown>) => unknown' is not assignable to parameter of type '(value: ToolSchemaFull | InternalToolSchema | { name: "create_team"; emoji: string[]; description: string; parameters: { type: string; properties: { name: { ...; }; ... 5 more ...; teamName?: undefined; }; required: string[]; }; } | { ...; } | { ...; } | { ...; } | { ...; }, index: number, array: (ToolSchemaFull | ....'.
  Types of parameters 'tool' and 'value' are incompatible.
    Type 'ToolSchemaFull | InternalToolSchema | { name: "create_team"; emoji: string[]; description: string; parameters: { type: string; properties: { name: { type: string; description: string; }; ... 5 more ...; teamName?: undefined; }; required: string[]; }; } | { ...; } | { ...; } | { ...; } | { ...; }' is not assignable to type 'Record<string, unknown>'.
      Type 'InternalToolSchema' is not assignable to type 'Record<string, unknown>'.
        Index signature for type 'string' is missing in type 'InternalToolSchema'.
tests/topologyRouters.test.ts(512,32): error TS2345: Argument of type '{ agent_id: string; status: string; result: string; summary: string; toolUses: number; durationMs: number; iterations: number; messages: never[]; }' is not assignable to parameter of type 'SubAgentResult | { error: string; }'.
  Property 'description' is missing in type '{ agent_id: string; status: string; result: string; summary: string; toolUses: number; durationMs: number; iterations: number; messages: never[]; }' but required in type 'SubAgentResult'.
tests/topologyRouters.test.ts(557,32): error TS2345: Argument of type '{ agent_id: string; status: string; result: null; summary: string; toolUses: number; toolNames: { write_file: number; }; iterations: number; durationMs: number; messages: never[]; }' is not assignable to parameter of type 'SubAgentResult | { error: string; }'.
  Property 'description' is missing in type '{ agent_id: string; status: string; result: null; summary: string; toolUses: number; toolNames: { write_file: number; }; iterations: number; durationMs: number; messages: never[]; }' but required in type 'SubAgentResult'.
tests/topologyRouters.test.ts(568,32): error TS2345: Argument of type '{ agent_id: string; status: string; result: string; summary: string; toolUses: number; durationMs: number; iterations: number; messages: never[]; }' is not assignable to parameter of type 'SubAgentResult | { error: string; }'.
  Property 'description' is missing in type '{ agent_id: string; status: string; result: string; summary: string; toolUses: number; durationMs: number; iterations: number; messages: never[]; }' but required in type 'SubAgentResult'.
